[osboxes@osboxes ~]$ git clone https://github.com/fazalUllah-Khan/learning-app-ecommerce
fatal: destination path 'learning-app-ecommerce' already exists and is not an empty directory.
[osboxes@osboxes ~]$ git clone https://github.com/fazalUllah-Khan/learning-app-ecommerce.git /var/www/html/ 
Cloning into '/var/www/html'...
/var/www/html/.git: Permission denied
[osboxes@osboxes ~]$ git clone https://github.com/fazalUllah-Khan/learning-app-ecommerce /var/www/html/ 
Cloning into '/var/www/html'...
/var/www/html/.git: Permission denied
[osboxes@osboxes ~]$ chmod /var/www/html/ 777
chmod: invalid mode: ‘/var/www/html/’
Try 'chmod --help' for more information.
[osboxes@osboxes ~]$ chmod --help
Usage: chmod [OPTION]... MODE[,MODE]... FILE...
  or:  chmod [OPTION]... OCTAL-MODE FILE...
  or:  chmod [OPTION]... --reference=RFILE FILE...
Change the mode of each FILE to MODE.
With --reference, change the mode of each FILE to that of RFILE.

  -c, --changes          like verbose but report only when a change is made
  -f, --silent, --quiet  suppress most error messages
  -v, --verbose          output a diagnostic for every file processed
      --no-preserve-root  do not treat '/' specially (the default)
      --preserve-root    fail to operate recursively on '/'
      --reference=RFILE  use RFILE's mode instead of MODE values
  -R, --recursive        change files and directories recursively
      --help     display this help and exit
      --version  output version information and exit

Each MODE is of the form '[ugoa]*([-+=]([rwxXst]*|[ugo]))+|[-+=][0-7]+'.

GNU coreutils online help: <http://www.gnu.org/software/coreutils/>
For complete documentation, run: info coreutils 'chmod invocation'
[osboxes@osboxes ~]$ pwd
/home/osboxes
[osboxes@osboxes ~]$ cd /var/www
[osboxes@osboxes www]$ ls -l
total 0
drwxr-xr-x. 2 root root  6 May 30 10:01 cgi-bin
drwxr-xr-x. 3 root root 38 Nov  7 05:47 git
drwxr-xr-x. 2 root root  6 May 30 10:01 html
[osboxes@osboxes www]$ chmod 777 html
chmod: changing permissions of ‘html’: Operation not permitted
[osboxes@osboxes www]$ chmod 777 /html/
chmod: cannot access ‘/html/’: No such file or directory
[osboxes@osboxes www]$ chmod 777 /var/www/html/
chmod: changing permissions of ‘/var/www/html/’: Operation not permitted
[osboxes@osboxes www]$ sudo chmod 777 /var/www/html/
[sudo] password for osboxes: 
[osboxes@osboxes www]$ ls -l
total 0
drwxr-xr-x. 2 root root  6 May 30 10:01 cgi-bin
drwxr-xr-x. 3 root root 38 Nov  7 05:47 git
drwxrwxrwx. 2 root root  6 May 30 10:01 html
[osboxes@osboxes www]$ git clone https://github.com/fazalUllah-Khan/learning-app-ecommerce /var/www/html/ 
Cloning into '/var/www/html'...
remote: Enumerating objects: 157, done.
remote: Counting objects: 100% (41/41), done.
remote: Compressing objects: 100% (8/8), done.
remote: Total 157 (delta 34), reused 33 (delta 33), pack-reused 116
Receiving objects: 100% (157/157), 1.79 MiB | 2.04 MiB/s, done.
Resolving deltas: 100% (41/41), done.
[osboxes@osboxes www]$ cd /home
[osboxes@osboxes home]$ cd .
[osboxes@osboxes home]$ cd ..
[osboxes@osboxes /]$ sudo sed -i 's/172.20.1.101/localhost/g' /var/www/html/index.php
[osboxes@osboxes /]$ 
[osboxes@osboxes /]$               <?php
bash: ?php: No such file or directory
[osboxes@osboxes /]$                         $link = mysqli_connect('172.20.1.101', 'ecomuser', 'ecompassword', 'ecomdb');
bash: syntax error near unexpected token `('
[osboxes@osboxes /]$                         if ($link) {
bash: syntax error near unexpected token `{'
[osboxes@osboxes /]$                         $res = mysqli_query($link, "select * from products;");
bash: syntax error near unexpected token `('
[osboxes@osboxes /]$                         while ($row = mysqli_fetch_assoc($res)) { ?>
bash: syntax error near unexpected token `('
[osboxes@osboxes /]$ vi index.php
[osboxes@osboxes /]$                         if ($link) {^C
[osboxes@osboxes /]$ cd /var/www/html
[osboxes@osboxes html]$ vi index.php
[osboxes@osboxes html]$ sudo sed -i 's/172.20.1.101/localhost/g' /var/www/html/index.php
[sudo] password for osboxes: 
[osboxes@osboxes html]$ sudo vi /etc/httpd/conf/httpd.conf
[osboxes@osboxes html]$ curl http://localhost
<!DOCTYPE html>
<html lang="en">
    <head>
        <meta charset="utf-8">
        <meta http-equiv="X-UA-Compatible" content="IE=edge">
        <meta name="viewport" content="width=device-width, initial-scale=1">

        <title>Kodekloud E-Commerce</title>

        <!-- Favicon -->
        <link rel="icon" href="img/favicon.png" type="image/png" />
        <!-- Bootstrap CSS -->
        <link href="css/bootstrap.min.css" rel="stylesheet">
        <!-- Icon CSS-->
        <link rel="stylesheet" href="vendors/font-awesome/css/font-awesome.min.css">
        <link rel="stylesheet" href="vendors/linearicons/linearicons-1.0.0.css">
        <!-- Animations CSS-->
        <link rel="stylesheet" href="vendors/wow-js/animate.css">
        <!-- owl_carousel-->
        <link rel="stylesheet" href="vendors/owl_carousel/owl.carousel.css">

        <!-- Theme style CSS -->
        <link href="css/style.css" rel="stylesheet">
<!--        <link href="css/responsive.css" rel="stylesheet">  -->

        <!-- HTML5 shim and Respond.js for IE8 support of HTML5 elements and media queries -->
        <!-- WARNING: Respond.js doesn't work if you view the page via file:// -->
        <!--[if lt IE 9]>
          <script src="https://oss.maxcdn.com/html5shiv/3.7.3/html5shiv.min.js"></script>
          <script src="https://oss.maxcdn.com/respond/1.4.2/respond.min.js"></script>
        <![endif]-->
    </head>
    <body>
        <!--==========Main Header==========-->
        <header class="main_header_area">
            <nav class="navbar navbar-default navbar-fixed-top" id="main_navbar">
                <div class="container-fluid searchForm">
                    <form action="#" class="row">
                        <div class="input-group">
                            <span class="input-group-addon"><i class="lnr lnr-magnifier"></i></span>
                            <input type="search" name="search" class="form-control" placeholder="Type & Hit Enter">
                            <span class="input-group-addon form_hide"><i class="lnr lnr-cross"></i></span>
                        </div>
                    </form>
                </div>
                <div class="container">
                    <div class="row">
                    <!-- Brand and toggle get grouped for better mobile display -->
                    <div class="col-md-2 p0">
                        <div class="navbar-header">
                            <button type="button" class="navbar-toggle collapsed" data-toggle="collapse" data-target="#bs-example-navbar-collapse-1" aria-expanded="false">
                            <span class="sr-only">Toggle navigation</span>
                            <span class="icon-bar"></span>
                            <span class="icon-bar"></span>
                            <span class="icon-bar"></span>
                            </button>
                            <a class="navbar-brand" href="index.html">
                                <img src="img/logo.png" alt="">
                                <img src="img/logo-2.png" alt="">
                            </a>
                        </div>
                    </div>

                    <!-- Collect the nav links, forms, and other content for toggling -->
                    <div class="collapse navbar-collapse" id="bs-example-navbar-collapse-1">
                        <div class="col-md-9 p0">
                            <ul class="nav navbar-nav main_nav">
                              <li><a href="#">Laptops</a></li>
                              <li><a href="#">Drones</a></li>
                                <li><a href="#">Gadgets</a></li>
                                <li><a href="#">Phones</a></li>
                                <li><a href="#">VR</a></li>
                                <li><a href="#">Contact us</a></li>
                            </ul>
                        </div>
                        <div class="col-md-1 p0">
                            <ul class="nav navbar-nav navbar-right">
                                <li><a href="#" class="nav_searchFrom"><i class="lnr lnr-magnifier"></i></a></li>
                            </ul>
                        </div>
                    </div><!-- /.navbar-collapse -->
                    </div>
                </div><!-- /.container-fluid -->
            </nav>
        </header>
        <!--==========Main Header==========-->

        <!--==========Slider area==========-->
        <section class="slider_area row m0">
            <div class="slider_inner">
                <div class="camera_caption">
                    <h2 class="wow fadeInUp animated">Make Your Shopping Easy</h2>
                    <h5 class="wow fadeIn animated" data-wow-delay="0.3s">Find everything accordingly</h5>
                    <a class="learn_mor wow fadeInU" data-wow-delay="0.6s" href="#product-list">Show Now!</a>
                </div>
            </div>
        </section>
        <!--==========End Slider area==========-->

        <section class="best_business_area row">
            <div class="check_tittle wow fadeInUp" data-wow-delay="0.7s" id="product-list">
                <h2>Product List</h2>
            </div>
            <div class="row it_works">
                              <div style="width: 100%">
                <div class="error-content">

                    <h1>Database connection error</h1>
                    <p>
                    1045:Access denied for user 'ecomuser'@'localhost' (using password: YES)                    </p>
                  </div>
                  </div>
                  

            </div>
        </section>


        <footer class="footer_area row">
            <div class="container custom-container">



                <div class="copy_right_area">
                    <h4 class="copy_right">© Copyright 2019 Kodekloud Ecommerce | All Rights Reserved</h4>
                </div>
            </div>
        </footer>

        <!-- jQuery -->
        <script src="js/jquery-1.12.4.min.js"></script>
        <!-- Bootstrap -->
        <script src="js/bootstrap.min.js"></script>
        <!-- Wow js -->
        <script src="vendors/wow-js/wow.min.js"></script>
        <!-- Wow js -->
        <script src="vendors/Counter-Up/waypoints.min.js"></script>
        <script src="vendors/Counter-Up/jquery.counterup.min.js"></script>
        <!-- Stellar js -->
        <script src="vendors/stellar/jquery.stellar.js"></script>
        <!-- owl_carousel js -->
        <script src="vendors/owl_carousel/owl.carousel.min.js"></script>
        <!-- Theme js -->
        <script src="js/theme.js"></script>
    </body>
</html>
[osboxes@osboxes html]$ 

